c:\workspace\win32_cpp\heliounreal\tool\x64\debug\vc143.pdb
c:\workspace\win32_cpp\heliounreal\tool\x64\debug\vc143.idb
c:\workspace\win32_cpp\heliounreal\tool\x64\debug\tool.obj
c:\workspace\win32_cpp\heliounreal\tool\x64\debug\tool.res
c:\workspace\win32_cpp\heliounreal\tool\x64\debug\tool.ilk
c:\workspace\win32_cpp\heliounreal\x64\debug\tool.pdb
c:\workspace\win32_cpp\heliounreal\tool\x64\debug\tool.tlog\cl.command.1.tlog
c:\workspace\win32_cpp\heliounreal\tool\x64\debug\tool.tlog\cl.items.tlog
c:\workspace\win32_cpp\heliounreal\tool\x64\debug\tool.tlog\cl.read.1.tlog
c:\workspace\win32_cpp\heliounreal\tool\x64\debug\tool.tlog\cl.write.1.tlog
c:\workspace\win32_cpp\heliounreal\tool\x64\debug\tool.tlog\link-cvtres.read.1.tlog
c:\workspace\win32_cpp\heliounreal\tool\x64\debug\tool.tlog\link-cvtres.write.1.tlog
c:\workspace\win32_cpp\heliounreal\tool\x64\debug\tool.tlog\link-rc.read.1.tlog
c:\workspace\win32_cpp\heliounreal\tool\x64\debug\tool.tlog\link-rc.write.1.tlog
c:\workspace\win32_cpp\heliounreal\tool\x64\debug\tool.tlog\link.command.1.tlog
c:\workspace\win32_cpp\heliounreal\tool\x64\debug\tool.tlog\link.read.1.tlog
c:\workspace\win32_cpp\heliounreal\tool\x64\debug\tool.tlog\link.read.2.tlog
c:\workspace\win32_cpp\heliounreal\tool\x64\debug\tool.tlog\link.read.3.tlog
c:\workspace\win32_cpp\heliounreal\tool\x64\debug\tool.tlog\link.read.4.tlog
c:\workspace\win32_cpp\heliounreal\tool\x64\debug\tool.tlog\link.read.5.tlog
c:\workspace\win32_cpp\heliounreal\tool\x64\debug\tool.tlog\link.secondary.1.tlog
c:\workspace\win32_cpp\heliounreal\tool\x64\debug\tool.tlog\link.write.1.tlog
c:\workspace\win32_cpp\heliounreal\tool\x64\debug\tool.tlog\rc.command.1.tlog
c:\workspace\win32_cpp\heliounreal\tool\x64\debug\tool.tlog\rc.read.1.tlog
c:\workspace\win32_cpp\heliounreal\tool\x64\debug\tool.tlog\rc.write.1.tlog
